// Jest Snapshot v1, https://goo.gl/fbAQLP

exports[`Pruebas en comp  <CounterApp/>  debe hacer juego con el snapshot 1`] = `
<div>
  <h1>
     CounterApp 
  </h1>
  <h2
    data-testid="counter"
  >
     
    10
     
  </h2>
  <button
    aria-label="btn-sumar"
  >
    +1
  </button>
  <button
    aria-label="btn-restar"
  >
    -1
  </button>
  <button
    id="btn-reset"
  >
    reset
  </button>
</div>
`;
